
> thiago-peraro-portfolio@1.0.0 build
> next build

 ⚠ Warning: Next.js inferred your workspace root, but it may not be correct.
 We detected multiple lockfiles and selected the directory of /home/peras/package-lock.json as the root directory.
 To silence this warning, set `outputFileTracingRoot` in your Next.js config, or consider removing one of the lockfiles if it's not needed.
   See https://nextjs.org/docs/app/api-reference/config/next-config-js/output#caveats for more information.
 Detected additional lockfiles: 
   * /home/peras/gitperaro/content-ops-starter-main/package-lock.json

   ▲ Next.js 15.5.0

   Linting and checking validity of types ...
   Creating an optimized production build ...
Browserslist: browsers data (caniuse-lite) is 8 months old. Please run:
  npx update-browserslist-db@latest
  Why you should do it regularly: https://github.com/browserslist/update-db#readme
 ✓ Compiled successfully in 9.1s
   Collecting page data ...
   Generating static pages (0/38) ...
   Generating static pages (9/38) 
   Generating static pages (18/38) 
   Generating static pages (28/38) 
 ✓ Generating static pages (38/38)
   Finalizing page optimization ...
   Collecting build traces ...

Route (pages)                                                                                    Size  First Load JS
┌   /_app                                                                                         0 B         127 kB
├ ● /[[...slug]] (11146 ms)                                                                   3.15 kB         130 kB
├   ├ /pt/projects (614 ms)
├   ├ /en/projects (609 ms)
├   ├ /pt/blog/docker-para-desenvolvedores-avancado (559 ms)
├   ├ /pt/blog/case-study-3 (557 ms)
├   ├ /pt/blog/case-study-2 (557 ms)
├   ├ /pt/blog/case-study-1 (557 ms)
├   ├ /pt/blog/clivia-como-a-ia-transforma-atendimento-e-vendas-em-clinicas-medicas (557 ms)
├   └ [+25 more paths]
├ ○ /404                                                                                        180 B         127 kB
└ ƒ /api/reindex                                                                                  0 B         127 kB
+ First Load JS shared by all                                                                  140 kB
  ├ chunks/framework-8a7ac262f6e10eb2.js                                                      57.7 kB
  ├ chunks/main-95c3613f67f53927.js                                                           37.3 kB
  ├ chunks/pages/_app-f59c725c305a48b0.js                                                     29.4 kB
  ├ css/eeb0c2a364406c4c.css                                                                  12.8 kB
  └ other shared chunks (total)                                                               2.57 kB

○  (Static)   prerendered as static content
●  (SSG)      prerendered as static HTML (uses getStaticProps)
ƒ  (Dynamic)  server-rendered on demand

